&f&[2]&<2>&8&[2]&<2>&f&[2]&<2>&8&[2]&<2>&f&[2]&<2>&8&[2]&<2>&f&[2]&<2>⁤⁤&8&[2]&<2>&f&[2]&<2>&8&[2]&<2>&f&[2]&<2>&8&[2]&<2>&f&[2]&<2>&8&[2]&<2>&f&[2]&<2>&8&[2]&<2>⁤&r&[2]&<3> &#a0c84bff&[2]&<3>&#54fcfcff&[2]&<3> ⁤⁤⁤&f&[2]&<3>⁤⁤&{fr:d}&[2]&<4>&{fr:d}&[2]&<5>⁤⁤&#d4448cff&[2]&<5>Wenweia: &fI'm going to send a breakpoint, then wv debug, then wv debug true, then coord in v chat, then coord in local chat, then wv debug false
[13:41:23] [Render thread/INFO]: [System] [CHAT]  ⁤⁤⁤⁤  ⁤⁤⁤⁤⁤⁤⁤Wenweia: I'm going to send a breakpoint, then wv debug, then wv debug true, then coord in v chat, then coord in local chat, then wv debug false
[13:41:23] [Render thread/INFO]: [System] [CHAT]  ⁤⁤⁤⁤  ⁤⁤⁤⁤⁤⁤⁤Wenweia: I'm going to send a breakpoint, then wv debug, then wv debug true, then coord in v chat, then coord in local chat, then wv debug false
[13:41:23] [Render thread/INFO]: [System] [CHAT]  ⁤⁤⁤⁤  ⁤⁤⁤⁤⁤⁤⁤Wenweia: I'm going to send a breakpoint, then wv debug, then wv debug true, then coord in v chat, then coord in local chat, then wv debug false
[13:41:26] [Render thread/INFO]: [CHAT/LOCAL] &f&[1]&<1>&r &8&[2]&<2>&{fr:d}⁤&{fr:d}&f&[2]&<2>&8&[2]&<2>&f&[2]&<2>&8&[2]&<2>&f&[2]&<2>&8&[2]&<2>&f&[2]&<2>⁤⁤&8&[2]&<2>&f&[2]&<2>&8&[2]&<2>&f&[2]&<2>&8&[2]&<2>&f&[2]&<2>&8&[2]&<2>&f&[2]&<2>&8&[2]&<2>⁤&r&[2]&<3> &#a0c84bff&[2]&<3>&#54fcfcff&[2]&<3> ⁤⁤⁤&f&[2]&<3>⁤⁤&{fr:d}&[2]&<4>&{fr:d}&[2]&<5>⁤⁤&#d4448cff&[2]&<5>Wenweia: &fwe ready?
[13:41:26] [Render thread/INFO]: [System] [CHAT]  ⁤⁤⁤⁤  ⁤⁤⁤⁤⁤⁤⁤Wenweia: we ready?
[13:41:26] [Render thread/INFO]: [System] [CHAT]  ⁤⁤⁤⁤  ⁤⁤⁤⁤⁤⁤⁤Wenweia: we ready?
[13:41:26] [Render thread/INFO]: [System] [CHAT]  ⁤⁤⁤⁤  ⁤⁤⁤⁤⁤⁤⁤Wenweia: we ready?
[13:41:34] [Render thread/INFO]: [CHAT/LOCAL] &f&[1]&<1>&r &#00a800ff&[2]&<2>&{fr:d}⁤&{fr:d}&f&[2]&<2>&#00a800ff&[2]&<2>&f&[2]&<2>&#00a800ff&[2]&<2>&f&[2]&<2>&#00a800ff&[2]&<2>&f&[2]&<2>⁤⁤&#00a800ff&[2]&<2>&f&[2]&<2>&#00a800ff&[2]&<2>&f&[2]&<2>&#00a800ff&[2]&<2>&f&[2]&<2>&#00a800ff&[2]&<2>&f&[2]&<2>&#00a800ff&[2]&<2>⁤&r&[2]&<3> &#a0c84bff&[2]&<3>&#54fcfcff&[2]&<3> ⁤&r&[2]&<4>&{fr:d}&[2]&<5>⁤⁤&#5fbc12ff&o&[2]&<6>I Love Aco Players: &fokok let me get a coord
[13:41:34] [Render thread/INFO]: [System] [CHAT]  ⁤⁤⁤⁤  ⁤⁤⁤RealPuffy/I Love Aco Players: okok let me get a coord
[13:41:34] [Render thread/INFO]: [System] [CHAT]  ⁤⁤⁤⁤  ⁤⁤⁤RealPuffy/I Love Aco Players: okok let me get a coord
[13:41:34] [Render thread/INFO]: [System] [CHAT]  ⁤⁤⁤⁤  ⁤⁤⁤RealPuffy/I Love Aco Players: okok let me get a coord
[13:41:43] [Render thread/INFO]: [CHAT/LOCAL] &f&[1]&<1>&r &8&[2]&<2>&{fr:d}⁤&{fr:d}&f&[2]&<2>&8&[2]&<2>&f&[2]&<2>&8&[2]&<2>&f&[2]&<2>&8&[2]&<2>&f&[2]&<2>⁤⁤&8&[2]&<2>&f&[2]&<2>&8&[2]&<2>&f&[2]&<2>&8&[2]&<2>&f&[2]&<2>&8&[2]&<2>&f&[2]&<2>&8&[2]&<2>⁤&r&[2]&<3> &#a0c84bff&[2]&<3>&#54fcfcff&[2]&<3> ⁤⁤⁤&f&[2]&<3>⁤⁤&{fr:d}&[2]&<4>&{fr:d}&[2]&<5>⁤⁤&#d4448cff&[2]&<5>Wenweia: &fI'll start on my end
[13:41:43] [Render thread/INFO]: [System] [CHAT]  ⁤⁤⁤⁤  ⁤⁤⁤⁤⁤⁤⁤Wenweia: I'll start on my end
[13:41:43] [Render thread/INFO]: [System] [CHAT]  ⁤⁤⁤⁤  ⁤⁤⁤⁤⁤⁤⁤Wenweia: I'll start on my end
[13:41:43] [Render thread/INFO]: [System] [CHAT]  ⁤⁤⁤⁤  ⁤⁤⁤⁤⁤⁤⁤Wenweia: I'll start on my end
[13:41:44] [Render thread/INFO]: [CHAT/LOCAL] &f&[1]&<1>&r &8&[2]&<2>&{fr:d}⁤&{fr:d}&f&[2]&<2>&8&[2]&<2>&f&[2]&<2>&8&[2]&<2>&f&[2]&<2>&8&[2]&<2>&f&[2]&<2>⁤⁤&8&[2]&<2>&f&[2]&<2>&8&[2]&<2>&f&[2]&<2>&8&[2]&<2>&f&[2]&<2>&8&[2]&<2>&f&[2]&<2>&8&[2]&<2>⁤&r&[2]&<3> &#a0c84bff&[2]&<3>&#54fcfcff&[2]&<3> ⁤⁤⁤&f&[2]&<3>⁤⁤&{fr:d}&[2]&<4>&{fr:d}&[2]&<5>⁤⁤&#d4448cff&[2]&<5>Wenweia: &f=== breakpoint ===
[13:41:44] [Render thread/INFO]: [System] [CHAT]  ⁤⁤⁤⁤  ⁤⁤⁤⁤⁤⁤⁤Wenweia: === breakpoint ===
[13:41:44] [Render thread/INFO]: [System] [CHAT]  ⁤⁤⁤⁤  ⁤⁤⁤⁤⁤⁤⁤Wenweia: === breakpoint ===
[13:41:44] [Render thread/INFO]: [System] [CHAT]  ⁤⁤⁤⁤  ⁤⁤⁤⁤⁤⁤⁤Wenweia: === breakpoint ===
[13:41:47] [Render thread/INFO]: [VetsMod] === VetsMod Diagnostics Dump ===
[13:41:47] [Render thread/INFO]: [VetsMod] VetsMod version: 0.7.6
[13:41:47] [Render thread/INFO]: [VetsMod] Minecraft: 1.21.11 | Fabric Loader: 0.18.4 | Fabric API: 0.141.3+1.21.11
[13:41:47] [Render thread/INFO]: [VetsMod] Wynntils: 4.0.4
[13:41:47] [Render thread/INFO]: [VetsMod] Server: play.wynncraft.com | Brand: Wynn
[13:41:47] [Render thread/INFO]: [VetsMod] World state: WORLD | World name: NA15
[13:41:47] [Render thread/INFO]: [VetsMod] Player: Wenweia
[13:41:47] [Render thread/INFO]: [VetsMod] Guild state: returners=true, guildless=false, unlocked=true, canExecute=true
[13:41:47] [Render thread/INFO]: [VetsMod] Staff: true, rank=chief
[13:41:47] [Render thread/INFO]: [VetsMod] Config: automessage=true, debugLogging=false, frumaMode=false, debugGuildlessOverride=false
[13:41:47] [Render thread/INFO]: [VetsMod] Loaded mods (184):
[13:41:47] [Render thread/INFO]: [VetsMod]   animatica 0.6.1+1.21.5, avomod2 1.5.2+1.21.11, betterblockentities 1.3.0-rc.2+1.21.11, bettergrass 1.8.3+fabric.1.21.11, blue_endless_jankson 1.2.3, calcmod 1.4.3+fabric.1.21.9, capes 1.5.10+1.21.11, clientarguments 1.11.1, cloth-basic-math 0.6.1, cloth-config 21.11.153, com_electronwill_night-config_core 3.8.3, com_electronwill_night-config_toml 3.8.3, com_moulberry_mixinconstraints 1.1.0, com_twelvemonkeys_common_common-image 3.12.0, com_twelvemonkeys_common_common-io 3.12.0, com_twelvemonkeys_common_common-lang 3.12.0, com_twelvemonkeys_imageio_imageio-core 3.12.0, com_twelvemonkeys_imageio_imageio-metadata 3.12.0, com_twelvemonkeys_imageio_imageio-webp 3.12.0, com_zigythebird_mochafloats 4.1.5, conditional-mixin 0.5.1, continuity 3.0.1-beta.1+1.21.11, controlify 3.0.0-beta.2+1.21.11-fabric, crash_assistant 1.10.30, cubes-without-borders 3.0.0-build.14+mc1.21.11, cull-fewer-leaves 1.1.1, dev_isxander_libsdl4j 3.2.18.release-3.2.18-79, dev_isxander_steamdeck4j 1.1.7, distanthorizons 2.4.5-b, dynamic_fps 3.11.4, e4mc 6.0.6, ears 1.4.7_01, entity_model_features 3.0.12, entity_sound_features 0.7.2, entity_texture_features 7.0.9, entityculling 1.9.5, fabric-api 0.141.3+1.21.11, fabric-api-base 1.0.5+4ebb5c0853, fabric-api-lookup-api-v1 1.6.114+20dc27073e, fabric-biome-api-v1 17.1.1+4fc5413f3e, fabric-block-api-v1 1.1.10+4ebb5c083e, fabric-block-view-api-v2 1.0.39+4ebb5c083e, fabric-command-api-v2 2.4.7+6b42a6003e, fabric-content-registries-v0 10.2.14+4fc5413f3e, fabric-convention-tags-v1 2.1.55+7f945d5b3e, fabric-convention-tags-v2 2.17.3+8ef948ba3e, fabric-crash-report-info-v1 0.3.23+4ebb5c083e, fabric-data-attachment-api-v1 1.8.47+eed0806f3e, fabric-data-generation-api-v1 23.4.0+69974c4e3e, fabric-dimensions-v1 4.0.28+4fc5413f3e, fabric-entity-events-v1 3.1.1+1d0ab4303e, fabric-events-interaction-v0 4.1.0+3b89ecf63e, fabric-game-rule-api-v1 2.0.3+4fc5413f3e, fabric-item-api-v1 11.5.20+d0c46b9e3e, fabric-item-group-api-v1 4.2.36+4fc5413f3e, fabric-key-binding-api-v1 1.1.7+4fc5413f53, fabric-language-kotlin 1.13.9+kotlin.2.3.10, fabric-lifecycle-events-v1 2.6.15+4ebb5c0853, fabric-loot-api-v2 3.0.73+3f89f5a53e, fabric-loot-api-v3 2.0.20+78c8b4663e, fabric-message-api-v1 6.1.12+4ebb5c083e, fabric-model-loading-api-v1 6.0.15+4fc5413f3e, fabric-networking-api-v1 5.1.5+ae1e07683e, fabric-object-builder-api-v1 21.1.39+4fc5413f3e, fabric-particles-v1 4.2.11+4fc5413f3e, fabric-permissions-api-v0 0.6.1, fabric-recipe-api-v1 8.2.3+4ebb5c083e, fabric-registry-sync-v0 6.2.5+1718722b3e, fabric-renderer-api-v1 8.0.3+f4ffd2e53e, fabric-renderer-indigo 5.0.3+f4ffd2e53e, fabric-rendering-fluids-v1 3.1.43+4ebb5c083e, fabric-rendering-v1 16.2.10+0290ad933e, fabric-resource-conditions-api-v1 5.0.35+4fc5413f3e, fabric-resource-loader-v0 3.3.4+4fc5413f53, fabric-resource-loader-v1 1.0.10+78c8b46653, fabric-screen-api-v1 3.1.7+4ebb5c0853, fabric-screen-handler-api-v1 1.3.161+4fc5413f3e, fabric-serialization-api-v1 1.0.5+4ebb5c083e, fabric-sound-api-v1 1.0.51+4fc5413f3e, fabric-tag-api-v1 1.2.20+4fc5413f3e, fabric-transfer-api-v1 6.0.25+4fc5413f3e, fabric-transitive-access-wideners-v1 7.1.0+014c8cec3e, fabricloader 0.18.4, fastquit 3.1.3+mc1.21.11, ferritecore 8.2.0, fix-keyboard-on-linux 1.0.2, folk_sisby_kaleido-config 0.3.3+1.3.2, fzzy_config 0.7.6+1.21.11, immediatelyfast 1.14.2+1.21.11, io_github_douira_glsl-transformer 3.0.0-pre3, iris 1.10.6+mc1.21.11, isxander-main-menu-credits 1.2.0, java 21, lambdynlights 4.9.1+1.21.11, lambdynlights_api 4.9.1+1.21.11, lambdynlights_runtime 4.9.1+1.21.11, languagereload 1.7.5+1.21.11, libjf 3.19.8, libjf-base 3.19.8, libjf-config-commands 3.19.8, libjf-config-core-v2 3.19.8, libjf-config-network-v0 3.19.8, libjf-config-ui-tiny 3.19.8, libjf-data-manipulation-v0 3.19.8, libjf-data-v0 3.19.8, libjf-mainhttp-v0 3.19.8, libjf-resource-pack-entry-widgets-v0 3.19.8, libjf-translate-v1 3.19.8, libjf-unsafe-v0 3.19.8, libjf-web-v1 3.19.8, lightconfig 1.0-alpha.8, lithium 0.21.3+mc1.21.11, macos_input_fixes 1.11, midnightlib 1.9.2, minecraft 1.21.11, mixinextras 0.5.1, mixinsquared 0.3.3, modernfix 5.25.2-build.4, modmenu 17.0.0-beta.2, morechathistory 1.3.1, net_lenni0451_reflect 1.6.1+curseforge, net_lostluma_battery 2.0.0, net_objecthunter_exp4j 0.4.8, net_peanuuutz_tomlkt_tomlkt-jvm 0.3.7, ok_zoomer 16.0.0-beta.2, optigui 2.3.0-beta.9+1.21.9, org_anarres_jcpp 1.4.14, org_antlr_antlr4-runtime 4.13.1, org_apache_commons_commons-text 1.12.0, org_hid4java_hid4java 0.8.0, org_ini4j_ini4j 0.5.4, org_javassist_javassist 3.30.2-GA, org_jetbrains_kotlin_kotlin-reflect 2.3.10, org_jetbrains_kotlin_kotlin-stdlib 2.3.10, org_jetbrains_kotlin_kotlin-stdlib-jdk7 2.3.10, org_jetbrains_kotlin_kotlin-stdlib-jdk8 2.3.10, org_jetbrains_kotlinx_atomicfu-jvm 0.31.0, org_jetbrains_kotlinx_kotlinx-coroutines-core-jvm 1.10.2, org_jetbrains_kotlinx_kotlinx-coroutines-jdk8 1.10.2, org_jetbrains_kotlinx_kotlinx-datetime-jvm 0.7.1, org_jetbrains_kotlinx_kotlinx-io-bytestring-jvm 0.8.2, org_jetbrains_kotlinx_kotlinx-io-core-jvm 0.8.2, org_jetbrains_kotlinx_kotlinx-serialization-cbor-jvm 1.10.0, org_jetbrains_kotlinx_kotlinx-serialization-core-jvm 1.10.0, org_jetbrains_kotlinx_kotlinx-serialization-json-jvm 1.10.0, org_mariuszgromada_math_mathparser_org-mxparser 5.0.6, org_mvel_mvel2 2.5.2, org_quiltmc_parsers_gson 0.2.1, org_quiltmc_parsers_json 0.2.1, org_yaml_snakeyaml 2.5, particle_core 0.3.2+1.21.11, placeholder-api 2.8.1+1.21.10, player_animation_library 1.1.6+mc.1.21.11, polytone 1.21.11-5.4.10, pride 1.5.1+1.21.11, puzzle 2.3.0, renderscale 1.3.6, servercore 1.5.15+1.21.11, skyboxify 2.5, slyde 1.7.15, slydemore 1.0.4, sodium 0.8.6+mc1.21.11, sodium-extra 0.8.3+mc1.21.11, space_arim_dazzleconf_dazzleconf-core 1.3.0-M2, space_arim_dazzleconf_dazzleconf-ext-snakeyaml 1.3.0-M2, spruceui 9.1.0+1.21.11, transition 1.0.11, trender 1.0.10, variants-cit 4.11.2+1.21.9, vetsmod 0.7.6, wrench_wrapper 0.8.1, wrench_wrapper_backend 0.8.1, wynn-dh-range-limiter 1.0.0, wynnextras 0.15.0, wynnlimbo 1.2.1, wynntils 4.0.4, wynnventory 2.0.4, yet_another_config_lib_v3 3.8.2+1.21.11-fabric, yosbr 0.1.2, yumi_commons_collections 1.0.0, yumi_commons_core 1.0.0, yumi_commons_event 1.0.0, yumi_mc_core 1.0.0-beta.1+1.21.11, zfastnoise 1.0.19+1.21.11
[13:41:47] [Render thread/INFO]: [VetsMod] === End Diagnostics Dump ===
[13:41:47] [Render thread/INFO]: [CHAT/INFO] &6&{sc:#00000000}&{fr:cp}󏿼󏿿󏿾&{fr:d} &{fr:d}⁤&{fr:d}&8&{sc:#00000000}&6&{sc:#00000000}&8&{sc:#00000000}&6&{sc:#00000000}&8&{sc:#00000000}&6&{sc:#00000000}&8&{sc:#00000000}&6&{sc:#00000000}&8&{sc:#00000000}&6&{sc:#00000000}&8&{sc:#00000000}&6&{sc:#00000000}&8&{sc:#00000000}&6&{sc:#00000000}&{fr:d} &r&6&lVetsMod Diagnostics&r
&6&{sc:#00000000}&{fr:cp}󏿼󐀆&{fr:cp} &7Version: &f0.7.6&{fr:d}
&6&{sc:#00000000}&{fr:cp}󏿼󐀆&{fr:cp} &7MC: &f1.21.11&7 | Fabric: &f0.18.4&7 | Wynntils: &f4.0.4&{fr:d}
&6&{sc:#00000000}&{fr:cp}󏿼󐀆&{fr:cp} &7Server: &fplay.wynncraft.com&7 (&fWynn&7)&r
&6&{sc:#00000000}&{fr:cp}󏿼󐀆&{fr:cp} &7World: &fWORLD / NA15&{fr:d}
&6&{sc:#00000000}&{fr:cp}󏿼󐀆&{fr:cp} &7Guild: &aReturners&7 | Staff: &atrue&f (chief)&7 | Unlocked: &atrue&r
&6&{sc:#00000000}&{fr:cp}󏿼󐀆&{fr:cp} &7Debug logging: &cfalse&7 | Automessage: &atrue&7 | Fruma: &cfalse
[13:41:47] [Render thread/INFO]: [System] [CHAT] 󏿼󏿿󏿾 ⁤ VetsMod Diagnostics\n󏿼󐀆 Version: 0.7.6\n󏿼󐀆 MC: 1.21.11 | Fabric: 0.18.4 | Wynntils: 4.0.4\n󏿼󐀆 Server: play.wynncraft.com (Wynn)\n󏿼󐀆 World: WORLD / NA15\n󏿼󐀆 Guild: Returners | Staff: true (chief) | Unlocked: true\n󏿼󐀆 Debug logging: false | Automessage: true | Fruma: false
[13:41:47] [Render thread/INFO]: [System] [CHAT] 󏿼󏿿󏿾 ⁤ VetsMod Diagnostics\n󏿼󐀆 Version: 0.7.6\n󏿼󐀆 MC: 1.21.11 | Fabric: 0.18.4 | Wynntils: 4.0.4\n󏿼󐀆 Server: play.wynncraft.com (Wynn)\n󏿼󐀆 World: WORLD / NA15\n󏿼󐀆 Guild: Returners | Staff: true (chief) | Unlocked: true\n󏿼󐀆 Debug logging: false | Automessage: true | Fruma: false
[13:41:49] [Render thread/INFO]: [VetsMod] Debug logging enabled
[13:41:49] [Render thread/INFO]: [CHAT/INFO] &6&{sc:#00000000}&{fr:cp}󏿼󏿿󏿾&{fr:d} &{fr:d}⁤&{fr:d}&8&{sc:#00000000}&6&{sc:#00000000}&8&{sc:#00000000}&6&{sc:#00000000}&8&{sc:#00000000}&6&{sc:#00000000}&8&{sc:#00000000}&6&{sc:#00000000}&8&{sc:#00000000}&6&{sc:#00000000}&8&{sc:#00000000}&6&{sc:#00000000}&8&{sc:#00000000}&6&{sc:#00000000}&{fr:d} &eDebug logging &aenabled&e. Verbose output is now being written to your log file.
[13:41:49] [Render thread/INFO]: [System] [CHAT] 󏿼󏿿󏿾 ⁤ Debug logging enabled. Verbose output is now being written to your log file.
[13:41:49] [Render thread/INFO]: [System] [CHAT] 󏿼󏿿󏿾 ⁤ Debug logging enabled. Verbose output is now being written to your log file.
[13:41:54] [Render thread/INFO]: [CHAT/PRIVATE] &#ddcc99ff&{fr:cp}󏿼󏿿󏿾&{fr:d} &#e8c00cff&o&[1]&<1>I Love Aco Players&#ddcc99ff &{fr:cp}&{fr:d} &#e8c00cff&[2]Wenweia:&#ddcc99ff &f🔐3 22 34 
[13:41:54] [Render thread/INFO]: [CHAT/INFO] &c&{sc:#00000000}&{fr:cp}󏿼󏿿󏿾&{fr:cp} &{fr:d}⁤&{fr:d}&0&{sc:#00000000}&c&{sc:#00000000}&0&{sc:#00000000}&c&{sc:#00000000}&0&{sc:#00000000}&c&{sc:#00000000}&0&{sc:#00000000}&c&{sc:#00000000}&0&{sc:#00000000}&c&{sc:#00000000}&0&{sc:#00000000}&c&{sc:#00000000}&0&{sc:#00000000}&c&{sc:#00000000}&r &4Players&c: &{fr:d}3 [22, 0, 34]
[13:41:54] [Render thread/INFO]: [System] [CHAT] 󏿼󏿿󏿾 ⁤ Players: 3 [22, 0, 34]
[13:41:54] [Render thread/INFO]: [System] [CHAT] 󏿼󏿿󏿾 ⁤ Players: 3 [22, 0, 34]
[13:41:56] [Render thread/INFO]: [CHAT/PRIVATE] &#ddcc99ff&{fr:cp}󏿼󐀆&{fr:d} &#e8c00cff&o&[1]&<1>I Love Aco Players&#ddcc99ff &{fr:cp}&{fr:d} &#e8c00cff&[2]Wenweia:&#ddcc99ff &f🔐3 22 34 
[13:41:56] [Render thread/INFO]: [CHAT/INFO] &c&{sc:#00000000}&{fr:cp}󏿼󐀆&{fr:cp} &{fr:d}⁤&{fr:d}&0&{sc:#00000000}&c&{sc:#00000000}&0&{sc:#00000000}&c&{sc:#00000000}&0&{sc:#00000000}&c&{sc:#00000000}&0&{sc:#00000000}&c&{sc:#00000000}&0&{sc:#00000000}&c&{sc:#00000000}&0&{sc:#00000000}&c&{sc:#00000000}&0&{sc:#00000000}&c&{sc:#00000000}&r &4Players&c: &{fr:d}3 [22, 0, 34]
[13:41:56] [Render thread/INFO]: [System] [CHAT] 󏿼󐀆 ⁤ Players: 3 [22, 0, 34]
[13:41:56] [Render thread/INFO]: [System] [CHAT] 󏿼󐀆 ⁤ Players: 3 [22, 0, 34]
[13:41:59] [Render thread/INFO]: [CHAT/PRIVATE] &#ddcc99ff&{fr:cp}󏿼󐀆&{fr:d} &#e8c00cff&o&[1]&<1>I Love Aco Players&#ddcc99ff &{fr:cp}&{fr:d} &#e8c00cff&[2]Wenweia:&#ddcc99ff &f🔐3 22 34 
[13:41:59] [Render thread/INFO]: [CHAT/INFO] &c&{sc:#00000000}&{fr:cp}󏿼󐀆&{fr:cp} &{fr:d}⁤&{fr:d}&0&{sc:#00000000}&c&{sc:#00000000}&0&{sc:#00000000}&c&{sc:#00000000}&0&{sc:#00000000}&c&{sc:#00000000}&0&{sc:#00000000}&c&{sc:#00000000}&0&{sc:#00000000}&c&{sc:#00000000}&0&{sc:#00000000}&c&{sc:#00000000}&0&{sc:#00000000}&c&{sc:#00000000}&r &4Players&c: &{fr:d}3 [22, 0, 34]
[13:41:59] [Render thread/INFO]: [System] [CHAT] 󏿼󐀆 ⁤ Players: 3 [22, 0, 34]
[13:41:59] [Render thread/INFO]: [System] [CHAT] 󏿼󐀆 ⁤ Players: 3 [22, 0, 34]
[13:42:00] [Render thread/INFO]: [CHAT/LOCAL] &f&[1]&<1>&r &#00a800ff&[2]&<2>&{fr:d}⁤&{fr:d}&f&[2]&<2>&#00a800ff&[2]&<2>&f&[2]&<2>&#00a800ff&[2]&<2>&f&[2]&<2>&#00a800ff&[2]&<2>&f&[2]&<2>⁤⁤&#00a800ff&[2]&<2>&f&[2]&<2>&#00a800ff&[2]&<2>&f&[2]&<2>&#00a800ff&[2]&<2>&f&[2]&<2>&#00a800ff&[2]&<2>&f&[2]&<2>&#00a800ff&[2]&<2>⁤&r&[2]&<3> &#a0c84bff&[2]&<3>&#54fcfcff&[2]&<3> ⁤&r&[2]&<4>&{fr:d}&[2]&<5>⁤⁤&#5fbc12ff&o&[2]&<6>I Love Aco Players: &f3 22 34
[13:42:00] [Render thread/INFO]: [System] [CHAT]  ⁤⁤⁤⁤  ⁤⁤⁤RealPuffy/I Love Aco Players: [3, 22, 34]
[13:42:00] [Render thread/INFO]: [System] [CHAT]  ⁤⁤⁤⁤  ⁤⁤⁤RealPuffy/I Love Aco Players: [3, 22, 34]
[13:42:00] [Render thread/INFO]: [System] [CHAT]  ⁤⁤⁤⁤  ⁤⁤⁤RealPuffy/I Love Aco Players: [3, 22, 34]
[13:42:05] [Render thread/INFO]: [CHAT/INFO] &#fddd5cff&{fr:cp}󏿼󏿿󏿾&{fr:d} hudshock has thrown a &#f3e6b2ffCombat Experience Bomb&#fddd5cff on &#f3e6b2ff&n&[1]AS13
[13:42:05] [Render thread/INFO]: [System] [CHAT] 󏿼󏿿󏿾 hudshock has thrown a Combat Experience Bomb on AS13
[13:42:05] [Render thread/INFO]: [System] [CHAT] 󏿼󏿿󏿾 hudshock has thrown a Combat Experience Bomb on AS13
[13:42:08] [Render thread/INFO]: [CHAT/LOCAL] &f&[1]&<1>&r &#00a800ff&[2]&<2>&{fr:d}⁤&{fr:d}&f&[2]&<2>&#00a800ff&[2]&<2>&f&[2]&<2>&#00a800ff&[2]&<2>&f&[2]&<2>&#00a800ff&[2]&<2>&f&[2]&<2>⁤⁤&#00a800ff&[2]&<2>&f&[2]&<2>&#00a800ff&[2]&<2>&f&[2]&<2>&#00a800ff&[2]&<2>&f&[2]&<2>&#00a800ff&[2]&<2>&f&[2]&<2>&#00a800ff&[2]&<2>⁤&r&[2]&<3> &#a0c84bff&[2]&<3>&#54fcfcff&[2]&<3> ⁤&r&[2]&<4>&{fr:d}&[2]&<5>⁤⁤&#5fbc12ff&o&[2]&<6>I Love Aco Players: &fok done
[13:42:08] [Render thread/INFO]: [System] [CHAT]  ⁤⁤⁤⁤  ⁤⁤⁤RealPuffy/I Love Aco Players: ok done
[13:42:08] [Render thread/INFO]: [System] [CHAT]  ⁤⁤⁤⁤  ⁤⁤⁤RealPuffy/I Love Aco Players: ok done
[13:42:08] [Render thread/INFO]: [System] [CHAT]  ⁤⁤⁤⁤  ⁤⁤⁤RealPuffy/I Love Aco Players: ok done
[13:42:08] [Render thread/INFO]: [CHAT/LOCAL] &f&[1]&<1>&r &8&[2]&<2>&{fr:d}⁤&{fr:d}&f&[2]&<2>&8&[2]&<2>&f&[2]&<2>&8&[2]&<2>&f&[2]&<2>&8&[2]&<2>&f&[2]&<2>⁤⁤&8&[2]&<2>&f&[2]&<2>&8&[2]&<2>&f&[2]&<2>&8&[2]&<2>&f&[2]&<2>&8&[2]&<2>&f&[2]&<2>&8&[2]&<2>⁤&r&[2]&<3> &#a0c84bff&[2]&<3>&#54fcfcff&[2]&<3> ⁤⁤⁤&f&[2]&<3>⁤⁤&{fr:d}&[2]&<4>&{fr:d}&[2]&<5>⁤⁤&#d4448cff&[2]&<5>Wenweia: &fperfect
[13:42:08] [Render thread/INFO]: [System] [CHAT]  ⁤⁤⁤⁤  ⁤⁤⁤⁤⁤⁤⁤Wenweia: perfect
[13:42:08] [Render thread/INFO]: [System] [CHAT]  ⁤⁤⁤⁤  ⁤⁤⁤⁤⁤⁤⁤Wenweia: perfect
[13:42:08] [Render thread/INFO]: [System] [CHAT]  ⁤⁤⁤⁤  ⁤⁤⁤⁤⁤⁤⁤Wenweia: perfect
[13:42:11] [ForkJoinPool.commonPool-worker-5/WARN]: Unknown leaderboard type: guildRaids
[13:42:11] [Render thread/INFO]: [VetsMod] Debug logging disabled
[13:42:12] [Render thread/INFO]: [CHAT/INFO] &6&{sc:#00000000}&{fr:cp}󏿼󏿿󏿾&{fr:d} &{fr:d}⁤&{fr:d}&8&{sc:#00000000}&6&{sc:#00000000}&8&{sc:#00000000}&6&{sc:#00000000}&8&{sc:#00000000}&6&{sc:#00000000}&8&{sc:#00000000}&6&{sc:#00000000}&8&{sc:#00000000}&6&{sc:#00000000}&8&{sc:#00000000}&6&{sc:#00000000}&8&{sc:#00000000}&6&{sc:#00000000}&{fr:d} &eDebug logging &cdisabled&e.
[13:42:12] [Render thread/INFO]: [System] [CHAT] 󏿼󏿿󏿾 ⁤ Debug logging disabled.
[13:42:12] [Render thread/INFO]: [System] [CHAT] 󏿼󏿿󏿾 ⁤ Debug logging disabled.
[13:42:21] [Render thread/INFO]: [CHAT/LOCAL] &f&[1]&<1>&r &8&[2]&<2>&{fr:d}⁤&{fr:d}&f&[2]&<2>&8&[2]&<2>&f&[2]&<2>&8&[2]&<2>&f&[2]&<2>&8&[2]&<2>&f&[2]&<2>⁤⁤&8&[2]&<2>&f&[2]&<2>&8&[2]&<2>&f&[2]&<2>&8&[2]&<2>&f&[2]&<2>&8&[2]&<2>&f&[2]&<2>&8&[2]&<2>⁤&r&[2]&<3> &#a0c84bff&[2]&<3>&#54fcfcff&[2]&<3> ⁤⁤⁤&f&[2]&<3>⁤⁤&{fr:d}&[2]&<4>&{fr:d}&[2]&<5>⁤⁤&#d4448cff&[2]&<5>Wenweia: &fnow please send me your log <3
[13:42:21] [Render thread/INFO]: [System] [CHAT]  ⁤⁤⁤⁤  ⁤⁤⁤⁤⁤⁤⁤Wenweia: now please send me your log <3
[13:42:21] [Render thread/INFO]: [System] [CHAT]  ⁤⁤⁤⁤  ⁤⁤⁤⁤⁤⁤⁤Wenweia: now please send me your log <3
[13:42:21] [Render thread/INFO]: [System] [CHAT]  ⁤⁤⁤⁤  ⁤⁤⁤⁤⁤⁤⁤Wenweia: now please send me your log <3