[00:41:22] [Render thread/INFO]: [System] [CHAT]  ⁤⁤⁤⁤  ⁤⁤⁤⁤⁤⁤⁤Wenweia: I'm going to send a breakpoint, then wv debug, then wv debug true, then coord in v chat, then coord in local chat, then wv debug false
[00:41:22] [Render thread/INFO]: [System] [CHAT]  ⁤⁤⁤⁤  ⁤⁤⁤⁤⁤⁤⁤Wenweia: I'm going to send a breakpoint, then wv debug, then wv debug true, then coord in v chat, then coord in local chat, then wv debug false
[00:41:22] [Render thread/INFO]: [System] [CHAT]  ⁤⁤⁤⁤  ⁤⁤⁤⁤⁤⁤⁤Wenweia: I'm going to send a breakpoint, then wv debug, then wv debug true, then coord in v chat, then coord in local chat, then wv debug false
[00:41:22] [Render thread/INFO]: [System] [CHAT]  ⁤⁤⁤⁤  ⁤⁤⁤⁤⁤⁤⁤Wenweia: I'm going to send a breakpoint, then wv debug, then wv debug true, then coord in v chat, then coord in local chat, then wv debug false
[00:41:22] [Render thread/INFO]: [System] [CHAT]  ⁤⁤⁤⁤  ⁤⁤⁤⁤⁤⁤⁤Wenweia: I'm going to send a breakpoint, then wv debug, then wv debug true, then coord in v chat, then coord in local chat, then wv debug false
[00:41:22] [Render thread/INFO]: [System] [CHAT]  ⁤⁤⁤⁤  ⁤⁤⁤⁤⁤⁤⁤Wenweia: I'm going to send a breakpoint, then wv debug, then wv debug true, then coord in v chat, then coord in local chat, then wv debug false
[00:41:25] [Render thread/INFO]: [CHAT/LOCAL] &f&[1]&<1>&r &#00a800ff&[2]&<2>&{fr:d}⁤&{fr:d}&f&[2]&<2>&#00a800ff&[2]&<2>&f&[2]&<2>&#00a800ff&[2]&<2>&f&[2]&<2>&#00a800ff&[2]&<2>&f&[2]&<2>⁤⁤&#00a800ff&[2]&<2>&f&[2]&<2>&#00a800ff&[2]&<2>&f&[2]&<2>&#00a800ff&[2]&<2>&f&[2]&<2>&#00a800ff&[2]&<2>&f&[2]&<2>&#00a800ff&[2]&<2>⁤&r&[2]&<3> &#a0c84bff&[2]&<3>&#54fcfcff&[2]&<3> ⁤⁤⁤&f&[2]&<3>⁤⁤&{fr:d}&[2]&<4>&{fr:d}&[2]&<5>⁤⁤&#d4448cff&[2]&<5>Wenweia: &fwe ready?
[00:41:25] [Render thread/INFO]: [System] [CHAT]  ⁤⁤⁤⁤  ⁤⁤⁤⁤⁤⁤⁤Wenweia: we ready?
[00:41:25] [Render thread/INFO]: [System] [CHAT]  ⁤⁤⁤⁤  ⁤⁤⁤⁤⁤⁤⁤Wenweia: we ready?
[00:41:25] [Render thread/INFO]: [System] [CHAT]  ⁤⁤⁤⁤  ⁤⁤⁤⁤⁤⁤⁤Wenweia: we ready?
[00:41:25] [Render thread/INFO]: [System] [CHAT]  ⁤⁤⁤⁤  ⁤⁤⁤⁤⁤⁤⁤Wenweia: we ready?
[00:41:25] [Render thread/INFO]: [System] [CHAT]  ⁤⁤⁤⁤  ⁤⁤⁤⁤⁤⁤⁤Wenweia: we ready?
[00:41:25] [Render thread/INFO]: [System] [CHAT]  ⁤⁤⁤⁤  ⁤⁤⁤⁤⁤⁤⁤Wenweia: we ready?
[00:41:27] [Render thread/INFO]: [CHAT/PETS] &6&{fr:cp}󏿼󏿿󏿾&{fr:d} &o&{fr:d}&<1>Emergency Snack&r&6: &#ffdd99ff&omunching sounds
[00:41:27] [Render thread/INFO]: [System] [CHAT] 󏿼󏿿󏿾 Chocolate Wybel: munching sounds
[00:41:27] [Render thread/INFO]: [System] [CHAT] 󏿼󏿿󏿾 Chocolate Wybel: munching sounds
[00:41:27] [Render thread/INFO]: [System] [CHAT] 󏿼󏿿󏿾 Chocolate Wybel: munching sounds
[00:41:27] [Render thread/INFO]: [System] [CHAT] 󏿼󏿿󏿾 Chocolate Wybel: munching sounds
[00:41:27] [Render thread/INFO]: [System] [CHAT] 󏿼󏿿󏿾 Chocolate Wybel: munching sounds
[00:41:32] [Render thread/INFO]: [CHAT/PETS] &6&{fr:cp}󏿼󐀆&{fr:d} &o&{fr:d}&<1>I Beelieve&r&6: &#ffdd99ff&obuzz
[00:41:32] [Render thread/INFO]: [System] [CHAT] 󏿼󐀆 Wybeel: buzz
[00:41:32] [Render thread/INFO]: [System] [CHAT] 󏿼󐀆 Wybeel: buzz
[00:41:32] [Render thread/INFO]: [System] [CHAT] 󏿼󐀆 Wybeel: buzz
[00:41:32] [Render thread/INFO]: [System] [CHAT] 󏿼󐀆 Wybeel: buzz
[00:41:32] [Render thread/INFO]: [System] [CHAT] 󏿼󐀆 Wybeel: buzz
[00:41:32] [Render thread/INFO]: [CHAT/PRIVATE] &#ddcc99ff&{fr:cp}󏿼󏿿󏿾&{fr:d} &8&{fr:minecraft:banner/box}&[1]󏿿󏿿󏿿󏿿󏿿󏿨&f&{sc:#ffffff00}&{fr:minecraft:banner/box}&[1]󐀂&#ddcc99ff&[1] &#d4448cff&[1]FluffyFlora&#ddcc99ff&[1] &{fr:cp}&r&#ddcc99ff &#e8c00cff&o&[2]&<1>I Love Aco Players&r&#e8c00cff&[2]:&#ddcc99ff &fwynncraft code is&{fr:d}
&#ddcc99ff&{fr:cp}󏿼󐀆&{fr:d} &fdifferent from normal code. because it contains 90% code&{fr:d}
&#ddcc99ff&{fr:cp}󏿼󐀆&{fr:d} &fand 10% parasites of decay 
[00:41:32] [Render thread/INFO]: [System] [CHAT] 󏿼󏿿󏿾 󏿿󏿿󏿿󏿿󏿿󏿨󐀂 FluffyFlora  I Love Aco Players: wynncraft code is\n󏿼󐀆 different from normal code. because it contains 90% code\n󏿼󐀆 and 10% parasites of decay 
[00:41:32] [Render thread/INFO]: [System] [CHAT] 󏿼󏿿󏿾 󏿿󏿿󏿿󏿿󏿿󏿨󐀂 FluffyFlora  I Love Aco Players: wynncraft code is\n󏿼󐀆 different from normal code. because it contains 90% code\n󏿼󐀆 and 10% parasites of decay 
[00:41:32] [Render thread/INFO]: [System] [CHAT] 󏿼󏿿󏿾 󏿿󏿿󏿿󏿿󏿿󏿨󐀂 FluffyFlora  I Love Aco Players: wynncraft code is\n󏿼󐀆 different from normal code. because it contains 90% code\n󏿼󐀆 and 10% parasites of decay 
[00:41:32] [Render thread/INFO]: [System] [CHAT] 󏿼󏿿󏿾 󏿿󏿿󏿿󏿿󏿿󏿨󐀂 FluffyFlora  I Love Aco Players: wynncraft code is\n󏿼󐀆 different from normal code. because it contains 90% code\n󏿼󐀆 and 10% parasites of decay 
[00:41:32] [Render thread/INFO]: [System] [CHAT] 󏿼󏿿󏿾 󏿿󏿿󏿿󏿿󏿿󏿨󐀂 FluffyFlora  I Love Aco Players: wynncraft code is\n󏿼󐀆 different from normal code. because it contains 90% code\n󏿼󐀆 and 10% parasites of decay 
[00:41:32] [Render thread/INFO]: [System] [CHAT] 󏿼󏿿󏿾 󏿿󏿿󏿿󏿿󏿿󏿨󐀂 FluffyFlora  I Love Aco Players: wynncraft code is\n󏿼󐀆 different from normal code. because it contains 90% code\n󏿼󐀆 and 10% parasites of decay 
[00:41:33] [Render thread/INFO]: [CHAT/LOCAL] &f&[1]&<1>&r &#00a800ff&[2]&<2>&{fr:d}⁤&{fr:d}&f&[2]&<2>&#00a800ff&[2]&<2>&f&[2]&<2>&#00a800ff&[2]&<2>&f&[2]&<2>&#00a800ff&[2]&<2>&f&[2]&<2>⁤⁤&#00a800ff&[2]&<2>&f&[2]&<2>&#00a800ff&[2]&<2>&f&[2]&<2>&#00a800ff&[2]&<2>&f&[2]&<2>&#00a800ff&[2]&<2>&f&[2]&<2>&#00a800ff&[2]&<2>⁤&r&[2]&<3> &#a0c84bff&[2]&<3>&#54fcfcff&[2]&<3> ⁤&r&[2]&<4>&{fr:d}&[2]&<5>⁤⁤&#5fbc12ff&o&[2]&<6>I Love Aco Players: &fokok let me get a coord
[00:41:33] [Render thread/INFO]: [System] [CHAT]  ⁤⁤⁤⁤  ⁤⁤⁤I Love Aco Players: okok let me get a coord
[00:41:33] [Render thread/INFO]: [System] [CHAT]  ⁤⁤⁤⁤  ⁤⁤⁤I Love Aco Players: okok let me get a coord
[00:41:33] [Render thread/INFO]: [System] [CHAT]  ⁤⁤⁤⁤  ⁤⁤⁤I Love Aco Players: okok let me get a coord
[00:41:33] [Render thread/INFO]: [System] [CHAT]  ⁤⁤⁤⁤  ⁤⁤⁤I Love Aco Players: okok let me get a coord
[00:41:33] [Render thread/INFO]: [System] [CHAT]  ⁤⁤⁤⁤  ⁤⁤⁤I Love Aco Players: okok let me get a coord
[00:41:33] [Render thread/INFO]: [System] [CHAT]  ⁤⁤⁤⁤  ⁤⁤⁤I Love Aco Players: okok let me get a coord
[00:41:42] [Render thread/INFO]: [CHAT/LOCAL] &f&[1]&<1>&r &#00a800ff&[2]&<2>&{fr:d}⁤&{fr:d}&f&[2]&<2>&#00a800ff&[2]&<2>&f&[2]&<2>&#00a800ff&[2]&<2>&f&[2]&<2>&#00a800ff&[2]&<2>&f&[2]&<2>⁤⁤&#00a800ff&[2]&<2>&f&[2]&<2>&#00a800ff&[2]&<2>&f&[2]&<2>&#00a800ff&[2]&<2>&f&[2]&<2>&#00a800ff&[2]&<2>&f&[2]&<2>&#00a800ff&[2]&<2>⁤&r&[2]&<3> &#a0c84bff&[2]&<3>&#54fcfcff&[2]&<3> ⁤⁤⁤&f&[2]&<3>⁤⁤&{fr:d}&[2]&<4>&{fr:d}&[2]&<5>⁤⁤&#d4448cff&[2]&<5>Wenweia: &fI'll start on my end
[00:41:42] [Render thread/INFO]: [System] [CHAT]  ⁤⁤⁤⁤  ⁤⁤⁤⁤⁤⁤⁤Wenweia: I'll start on my end
[00:41:42] [Render thread/INFO]: [System] [CHAT]  ⁤⁤⁤⁤  ⁤⁤⁤⁤⁤⁤⁤Wenweia: I'll start on my end
[00:41:42] [Render thread/INFO]: [System] [CHAT]  ⁤⁤⁤⁤  ⁤⁤⁤⁤⁤⁤⁤Wenweia: I'll start on my end
[00:41:42] [Render thread/INFO]: [System] [CHAT]  ⁤⁤⁤⁤  ⁤⁤⁤⁤⁤⁤⁤Wenweia: I'll start on my end
[00:41:42] [Render thread/INFO]: [System] [CHAT]  ⁤⁤⁤⁤  ⁤⁤⁤⁤⁤⁤⁤Wenweia: I'll start on my end
[00:41:42] [Render thread/INFO]: [System] [CHAT]  ⁤⁤⁤⁤  ⁤⁤⁤⁤⁤⁤⁤Wenweia: I'll start on my end
[00:41:43] [Render thread/INFO]: [CHAT/LOCAL] &f&[1]&<1>&r &#00a800ff&[2]&<2>&{fr:d}⁤&{fr:d}&f&[2]&<2>&#00a800ff&[2]&<2>&f&[2]&<2>&#00a800ff&[2]&<2>&f&[2]&<2>&#00a800ff&[2]&<2>&f&[2]&<2>⁤⁤&#00a800ff&[2]&<2>&f&[2]&<2>&#00a800ff&[2]&<2>&f&[2]&<2>&#00a800ff&[2]&<2>&f&[2]&<2>&#00a800ff&[2]&<2>&f&[2]&<2>&#00a800ff&[2]&<2>⁤&r&[2]&<3> &#a0c84bff&[2]&<3>&#54fcfcff&[2]&<3> ⁤⁤⁤&f&[2]&<3>⁤⁤&{fr:d}&[2]&<4>&{fr:d}&[2]&<5>⁤⁤&#d4448cff&[2]&<5>Wenweia: &f=== breakpoint ===
[00:41:43] [Render thread/INFO]: [System] [CHAT]  ⁤⁤⁤⁤  ⁤⁤⁤⁤⁤⁤⁤Wenweia: === breakpoint ===
[00:41:43] [Render thread/INFO]: [System] [CHAT]  ⁤⁤⁤⁤  ⁤⁤⁤⁤⁤⁤⁤Wenweia: === breakpoint ===
[00:41:43] [Render thread/INFO]: [System] [CHAT]  ⁤⁤⁤⁤  ⁤⁤⁤⁤⁤⁤⁤Wenweia: === breakpoint ===
[00:41:43] [Render thread/INFO]: [System] [CHAT]  ⁤⁤⁤⁤  ⁤⁤⁤⁤⁤⁤⁤Wenweia: === breakpoint ===
[00:41:43] [Render thread/INFO]: [System] [CHAT]  ⁤⁤⁤⁤  ⁤⁤⁤⁤⁤⁤⁤Wenweia: === breakpoint ===
[00:41:43] [Render thread/INFO]: [System] [CHAT]  ⁤⁤⁤⁤  ⁤⁤⁤⁤⁤⁤⁤Wenweia: === breakpoint ===
[00:41:47] [Render thread/INFO]: [CHAT/PETS] &6&{fr:cp}󏿼󏿿󏿾&{fr:d} &o&{fr:d}&<1>Emergency Snack&r&6: &#ffdd99ff&omunching sounds
[00:41:47] [Render thread/INFO]: [System] [CHAT] 󏿼󏿿󏿾 Chocolate Wybel: munching sounds
[00:41:47] [Render thread/INFO]: [System] [CHAT] 󏿼󏿿󏿾 Chocolate Wybel: munching sounds
[00:41:47] [Render thread/INFO]: [System] [CHAT] 󏿼󏿿󏿾 Chocolate Wybel: munching sounds
[00:41:47] [Render thread/INFO]: [System] [CHAT] 󏿼󏿿󏿾 Chocolate Wybel: munching sounds
[00:41:47] [Render thread/INFO]: [System] [CHAT] 󏿼󏿿󏿾 Chocolate Wybel: munching sounds
[00:41:47] [Render thread/INFO]: [VetsMod] Debug logging enabled
[00:41:47] [Render thread/INFO]: [CHAT/INFO] &6&{sc:#00000000}&{fr:cp}󏿼󏿿󏿾&{fr:d} &{fr:d}⁤&{fr:d}&8&{sc:#00000000}&6&{sc:#00000000}&8&{sc:#00000000}&6&{sc:#00000000}&8&{sc:#00000000}&6&{sc:#00000000}&8&{sc:#00000000}&6&{sc:#00000000}&8&{sc:#00000000}&6&{sc:#00000000}&8&{sc:#00000000}&6&{sc:#00000000}&8&{sc:#00000000}&6&{sc:#00000000}&{fr:d} &eDebug logging &aenabled&e. Verbose output is now&r
&6&{sc:#00000000}&{fr:cp}󏿼󐀆&{fr:cp} &ebeing written to your log file.
[00:41:47] [Render thread/INFO]: [System] [CHAT] 󏿼󏿿󏿾 ⁤ Debug logging enabled. Verbose output is now\n󏿼󐀆 being written to your log file.
[00:41:47] [Render thread/INFO]: [System] [CHAT] 󏿼󏿿󏿾 ⁤ Debug logging enabled. Verbose output is now\n󏿼󐀆 being written to your log file.
[00:41:47] [Render thread/INFO]: [System] [CHAT] 󏿼󏿿󏿾 ⁤ Debug logging enabled. Verbose output is now\n󏿼󐀆 being written to your log file.
[00:41:47] [Render thread/INFO]: [System] [CHAT] 󏿼󏿿󏿾 ⁤ Debug logging enabled. Verbose output is now\n󏿼󐀆 being written to your log file.
[00:41:47] [Render thread/INFO]: [System] [CHAT] 󏿼󏿿󏿾 ⁤ Debug logging enabled. Verbose output is now\n󏿼󐀆 being written to your log file.
[00:41:52] [Render thread/INFO]: Executing immediate command: v 3 22 34
[00:41:52] [Render thread/INFO]: [CHAT/INFO] &c&{sc:#00000000}&{fr:cp}󏿼󏿿󏿾&{fr:cp} &{fr:d}⁤&{fr:d}&0&{sc:#00000000}&c&{sc:#00000000}&0&{sc:#00000000}&c&{sc:#00000000}&0&{sc:#00000000}&c&{sc:#00000000}&0&{sc:#00000000}&c&{sc:#00000000}&0&{sc:#00000000}&c&{sc:#00000000}&0&{sc:#00000000}&c&{sc:#00000000}&0&{sc:#00000000}&c&{sc:#00000000}&r &4RealPuffy&c: &{fr:d}3 22 34
[00:41:52] [Render thread/INFO]: [System] [CHAT] 󏿼󏿿󏿾 ⁤ RealPuffy: [3, 22, 34]
[00:41:52] [Render thread/INFO]: [System] [CHAT] 󏿼󏿿󏿾 ⁤ RealPuffy: [3, 22, 34]
[00:41:52] [Render thread/INFO]: [System] [CHAT] 󏿼󏿿󏿾 ⁤ RealPuffy: [3, 22, 34]
[00:41:52] [Render thread/INFO]: [System] [CHAT] 󏿼󏿿󏿾 ⁤ RealPuffy: [3, 22, 34]
[00:41:52] [Render thread/INFO]: [System] [CHAT] 󏿼󏿿󏿾 ⁤ RealPuffy: [3, 22, 34]
[00:41:53] [Render thread/INFO]: [CHAT/PRIVATE] &#ddcc99ff&{fr:cp}󏿼󏿿󏿾&{fr:d} &#e8c00cff&o&[1]&<1>I Love Aco Players&#ddcc99ff &{fr:cp}&{fr:d} &#e8c00cff&[2]Wenweia:&#ddcc99ff &f🔐3 22 34 
[00:41:53] [Render thread/INFO]: [CHAT/INFO] &c&{sc:#00000000}&{fr:cp}󏿼󐀆&{fr:cp} &{fr:d}⁤&{fr:d}&0&{sc:#00000000}&c&{sc:#00000000}&0&{sc:#00000000}&c&{sc:#00000000}&0&{sc:#00000000}&c&{sc:#00000000}&0&{sc:#00000000}&c&{sc:#00000000}&0&{sc:#00000000}&c&{sc:#00000000}&0&{sc:#00000000}&c&{sc:#00000000}&0&{sc:#00000000}&c&{sc:#00000000}&r &4Players&c: &{fr:d}3 [22, 0, 34]
[00:41:53] [Render thread/INFO]: [System] [CHAT] 󏿼󐀆 ⁤ Players: 3 [22, 0, 34]
[00:41:53] [Render thread/INFO]: [System] [CHAT] 󏿼󐀆 ⁤ Players: 3 [22, 0, 34]
[00:41:53] [Render thread/INFO]: [System] [CHAT] 󏿼󐀆 ⁤ Players: 3 [22, 0, 34]
[00:41:53] [Render thread/INFO]: [System] [CHAT] 󏿼󐀆 ⁤ Players: 3 [22, 0, 34]
[00:41:53] [Render thread/INFO]: [System] [CHAT] 󏿼󐀆 ⁤ Players: 3 [22, 0, 34]
[00:41:54] [VetsMod-StaffOutboundDispatch/INFO]: [VetsMod DEBUG] No /msg feedback for Wenweia attempt 1. Retrying...
[00:41:55] [Render thread/INFO]: [CHAT/PRIVATE] &#ddcc99ff&{fr:cp}󏿼󐀆&{fr:d} &#e8c00cff&o&[1]&<1>I Love Aco Players&#ddcc99ff &{fr:cp}&{fr:d} &#e8c00cff&[2]Wenweia:&#ddcc99ff &f🔐3 22 34 
[00:41:55] [Render thread/INFO]: [CHAT/INFO] &c&{sc:#00000000}&{fr:cp}󏿼󐀆&{fr:cp} &{fr:d}⁤&{fr:d}&0&{sc:#00000000}&c&{sc:#00000000}&0&{sc:#00000000}&c&{sc:#00000000}&0&{sc:#00000000}&c&{sc:#00000000}&0&{sc:#00000000}&c&{sc:#00000000}&0&{sc:#00000000}&c&{sc:#00000000}&0&{sc:#00000000}&c&{sc:#00000000}&0&{sc:#00000000}&c&{sc:#00000000}&r &4Players&c: &{fr:d}3 [22, 0, 34]
[00:41:55] [Render thread/INFO]: [System] [CHAT] 󏿼󐀆 ⁤ Players: 3 [22, 0, 34]
[00:41:55] [Render thread/INFO]: [System] [CHAT] 󏿼󐀆 ⁤ Players: 3 [22, 0, 34]
[00:41:55] [Render thread/INFO]: [System] [CHAT] 󏿼󐀆 ⁤ Players: 3 [22, 0, 34]
[00:41:55] [Render thread/INFO]: [System] [CHAT] 󏿼󐀆 ⁤ Players: 3 [22, 0, 34]
[00:41:55] [Render thread/INFO]: [System] [CHAT] 󏿼󐀆 ⁤ Players: 3 [22, 0, 34]
[00:41:57] [VetsMod-StaffOutboundDispatch/INFO]: [VetsMod DEBUG] No /msg feedback for Wenweia attempt 2. Retrying...
[00:41:58] [Render thread/INFO]: [CHAT/PRIVATE] &#ddcc99ff&{fr:cp}󏿼󐀆&{fr:d} &#e8c00cff&o&[1]&<1>I Love Aco Players&#ddcc99ff &{fr:cp}&{fr:d} &#e8c00cff&[2]Wenweia:&#ddcc99ff &f🔐3 22 34 
[00:41:58] [Render thread/INFO]: [CHAT/INFO] &c&{sc:#00000000}&{fr:cp}󏿼󐀆&{fr:cp} &{fr:d}⁤&{fr:d}&0&{sc:#00000000}&c&{sc:#00000000}&0&{sc:#00000000}&c&{sc:#00000000}&0&{sc:#00000000}&c&{sc:#00000000}&0&{sc:#00000000}&c&{sc:#00000000}&0&{sc:#00000000}&c&{sc:#00000000}&0&{sc:#00000000}&c&{sc:#00000000}&0&{sc:#00000000}&c&{sc:#00000000}&r &4Players&c: &{fr:d}3 [22, 0, 34]
[00:41:58] [Render thread/INFO]: [System] [CHAT] 󏿼󐀆 ⁤ Players: 3 [22, 0, 34]
[00:41:58] [Render thread/INFO]: [System] [CHAT] 󏿼󐀆 ⁤ Players: 3 [22, 0, 34]
[00:41:58] [Render thread/INFO]: [System] [CHAT] 󏿼󐀆 ⁤ Players: 3 [22, 0, 34]
[00:41:58] [Render thread/INFO]: [System] [CHAT] 󏿼󐀆 ⁤ Players: 3 [22, 0, 34]
[00:41:58] [Render thread/INFO]: [System] [CHAT] 󏿼󐀆 ⁤ Players: 3 [22, 0, 34]
[00:41:58] [Render thread/INFO]: [CHAT/INFO] &#fddd5cff&{fr:cp}󏿼󏿿󏿾&{fr:d} hudshock has thrown a &#f3e6b2ffCombat Experience Bomb&#fddd5cff on &#f3e6b2ff&n&[1]AS13
[00:41:58] [Render thread/INFO]: [System] [CHAT] 󏿼󏿿󏿾 hudshock has thrown a Combat Experience Bomb on AS13
[00:41:58] [Render thread/INFO]: [System] [CHAT] 󏿼󏿿󏿾 hudshock has thrown a Combat Experience Bomb on AS13
[00:41:58] [Render thread/INFO]: [System] [CHAT] 󏿼󏿿󏿾 hudshock has thrown a Combat Experience Bomb on AS13
[00:41:58] [Render thread/INFO]: [System] [CHAT] 󏿼󏿿󏿾 hudshock has thrown a Combat Experience Bomb on AS13
[00:41:58] [Render thread/INFO]: [System] [CHAT] 󏿼󏿿󏿾 hudshock has thrown a Combat Experience Bomb on AS13
[00:41:58] [Render thread/INFO]: [CHAT/LOCAL] &f&[1]&<1>&r &#00a800ff&[2]&<2>&{fr:d}⁤&{fr:d}&f&[2]&<2>&#00a800ff&[2]&<2>&f&[2]&<2>&#00a800ff&[2]&<2>&f&[2]&<2>&#00a800ff&[2]&<2>&f&[2]&<2>⁤⁤&#00a800ff&[2]&<2>&f&[2]&<2>&#00a800ff&[2]&<2>&f&[2]&<2>&#00a800ff&[2]&<2>&f&[2]&<2>&#00a800ff&[2]&<2>&f&[2]&<2>&#00a800ff&[2]&<2>⁤&r&[2]&<3> &#a0c84bff&[2]&<3>&#54fcfcff&[2]&<3> ⁤&r&[2]&<4>&{fr:d}&[2]&<5>⁤⁤&#5fbc12ff&o&[2]&<6>I Love Aco Players: &f3 22 34
[00:41:58] [Render thread/INFO]: [System] [CHAT]  ⁤⁤⁤⁤  ⁤⁤⁤I Love Aco Players: [3, 22, 34]
[00:41:58] [Render thread/INFO]: [System] [CHAT]  ⁤⁤⁤⁤  ⁤⁤⁤I Love Aco Players: [3, 22, 34]
[00:41:58] [Render thread/INFO]: [System] [CHAT]  ⁤⁤⁤⁤  ⁤⁤⁤I Love Aco Players: [3, 22, 34]
[00:41:58] [Render thread/INFO]: [System] [CHAT]  ⁤⁤⁤⁤  ⁤⁤⁤I Love Aco Players: [3, 22, 34]
[00:41:58] [Render thread/INFO]: [System] [CHAT]  ⁤⁤⁤⁤  ⁤⁤⁤I Love Aco Players: [3, 22, 34]
[00:41:58] [Render thread/INFO]: [System] [CHAT]  ⁤⁤⁤⁤  ⁤⁤⁤I Love Aco Players: [3, 22, 34]
[00:41:59] [VetsMod-StaffOutboundDispatch/WARN]: [VetsMod] Failed to deliver message to Wenweia after 3 retries
[00:42:00] [Render thread/INFO]: [CHAT/PRIVATE] &#ddcc99ff&{fr:cp}󏿼󏿿󏿾&{fr:d} &#e8c00cff&o&[1]&<1>I Love Aco Players&#ddcc99ff &{fr:cp}&{fr:d} &8&{fr:minecraft:banner/box}&[2]󏿿󏿿󏿿󏿿󏿿󏿨&f&{sc:#ffffff00}&{fr:minecraft:banner/box}&[2]󐀂&#ddcc99ff&[2] &#e8c00cff&[2]EenRandomG:&#ddcc99ff&[2] &f&[2]🔐3 22 34 
[00:42:00] [Render thread/INFO]: [CHAT/INFO] &c&{sc:#00000000}&{fr:cp}󏿼󐀆&{fr:cp} &{fr:d}⁤&{fr:d}&0&{sc:#00000000}&c&{sc:#00000000}&0&{sc:#00000000}&c&{sc:#00000000}&0&{sc:#00000000}&c&{sc:#00000000}&0&{sc:#00000000}&c&{sc:#00000000}&0&{sc:#00000000}&c&{sc:#00000000}&0&{sc:#00000000}&c&{sc:#00000000}&0&{sc:#00000000}&c&{sc:#00000000}&r &4Players&c: &{fr:d}3 [22, 0, 34]
[00:42:00] [Render thread/INFO]: [System] [CHAT] 󏿼󐀆 ⁤ Players: 3 [22, 0, 34]
[00:42:00] [Render thread/INFO]: [System] [CHAT] 󏿼󐀆 ⁤ Players: 3 [22, 0, 34]
[00:42:00] [Render thread/INFO]: [System] [CHAT] 󏿼󐀆 ⁤ Players: 3 [22, 0, 34]
[00:42:00] [Render thread/INFO]: [System] [CHAT] 󏿼󐀆 ⁤ Players: 3 [22, 0, 34]
[00:42:00] [Render thread/INFO]: [System] [CHAT] 󏿼󐀆 ⁤ Players: 3 [22, 0, 34]
[00:42:01] [VetsMod-StaffOutboundDispatch/INFO]: [VetsMod DEBUG] No /msg feedback for EenRandomG attempt 1. Retrying...
[00:42:02] [Render thread/INFO]: [CHAT/PRIVATE] &#ddcc99ff&{fr:cp}󏿼󐀆&{fr:d} &#e8c00cff&o&[1]&<1>I Love Aco Players&#ddcc99ff &{fr:cp}&{fr:d} &8&{fr:minecraft:banner/box}&[2]󏿿󏿿󏿿󏿿󏿿󏿨&f&{sc:#ffffff00}&{fr:minecraft:banner/box}&[2]󐀂&#ddcc99ff&[2] &#e8c00cff&[2]EenRandomG:&#ddcc99ff&[2] &f&[2]🔐3 22 34 
[00:42:02] [Render thread/INFO]: [CHAT/INFO] &c&{sc:#00000000}&{fr:cp}󏿼󐀆&{fr:cp} &{fr:d}⁤&{fr:d}&0&{sc:#00000000}&c&{sc:#00000000}&0&{sc:#00000000}&c&{sc:#00000000}&0&{sc:#00000000}&c&{sc:#00000000}&0&{sc:#00000000}&c&{sc:#00000000}&0&{sc:#00000000}&c&{sc:#00000000}&0&{sc:#00000000}&c&{sc:#00000000}&0&{sc:#00000000}&c&{sc:#00000000}&r &4Players&c: &{fr:d}3 [22, 0, 34]
[00:42:02] [Render thread/INFO]: [System] [CHAT] 󏿼󐀆 ⁤ Players: 3 [22, 0, 34]
[00:42:02] [Render thread/INFO]: [System] [CHAT] 󏿼󐀆 ⁤ Players: 3 [22, 0, 34]
[00:42:02] [Render thread/INFO]: [System] [CHAT] 󏿼󐀆 ⁤ Players: 3 [22, 0, 34]
[00:42:02] [Render thread/INFO]: [System] [CHAT] 󏿼󐀆 ⁤ Players: 3 [22, 0, 34]
[00:42:02] [Render thread/INFO]: [System] [CHAT] 󏿼󐀆 ⁤ Players: 3 [22, 0, 34]
[00:42:02] [Render thread/INFO]: [VetsMod] Debug logging disabled
[00:42:02] [Render thread/INFO]: [CHAT/INFO] &6&{sc:#00000000}&{fr:cp}󏿼󏿿󏿾&{fr:d} &{fr:d}⁤&{fr:d}&8&{sc:#00000000}&6&{sc:#00000000}&8&{sc:#00000000}&6&{sc:#00000000}&8&{sc:#00000000}&6&{sc:#00000000}&8&{sc:#00000000}&6&{sc:#00000000}&8&{sc:#00000000}&6&{sc:#00000000}&8&{sc:#00000000}&6&{sc:#00000000}&8&{sc:#00000000}&6&{sc:#00000000}&{fr:d} &eDebug logging &cdisabled&e.
[00:42:02] [Render thread/INFO]: [System] [CHAT] 󏿼󏿿󏿾 ⁤ Debug logging disabled.
[00:42:02] [Render thread/INFO]: [System] [CHAT] 󏿼󏿿󏿾 ⁤ Debug logging disabled.
[00:42:02] [Render thread/INFO]: [System] [CHAT] 󏿼󏿿󏿾 ⁤ Debug logging disabled.
[00:42:02] [Render thread/INFO]: [System] [CHAT] 󏿼󏿿󏿾 ⁤ Debug logging disabled.
[00:42:02] [Render thread/INFO]: [System] [CHAT] 󏿼󏿿󏿾 ⁤ Debug logging disabled.
[00:42:05] [Render thread/INFO]: [CHAT/PRIVATE] &#ddcc99ff&{fr:cp}󏿼󐀆&{fr:d} &#e8c00cff&o&[1]&<1>I Love Aco Players&#ddcc99ff &{fr:cp}&{fr:d} &8&{fr:minecraft:banner/box}&[2]󏿿󏿿󏿿󏿿󏿿󏿨&f&{sc:#ffffff00}&{fr:minecraft:banner/box}&[2]󐀂&#ddcc99ff&[2] &#e8c00cff&[2]EenRandomG:&#ddcc99ff&[2] &f&[2]🔐3 22 34 
[00:42:05] [Render thread/INFO]: [CHAT/INFO] &c&{sc:#00000000}&{fr:cp}󏿼󏿿󏿾&{fr:cp} &{fr:d}⁤&{fr:d}&0&{sc:#00000000}&c&{sc:#00000000}&0&{sc:#00000000}&c&{sc:#00000000}&0&{sc:#00000000}&c&{sc:#00000000}&0&{sc:#00000000}&c&{sc:#00000000}&0&{sc:#00000000}&c&{sc:#00000000}&0&{sc:#00000000}&c&{sc:#00000000}&0&{sc:#00000000}&c&{sc:#00000000}&r &4Players&c: &{fr:d}3 [22, 0, 34]
[00:42:05] [Render thread/INFO]: [System] [CHAT] 󏿼󏿿󏿾 ⁤ Players: 3 [22, 0, 34]
[00:42:05] [Render thread/INFO]: [System] [CHAT] 󏿼󏿿󏿾 ⁤ Players: 3 [22, 0, 34]
[00:42:05] [Render thread/INFO]: [System] [CHAT] 󏿼󏿿󏿾 ⁤ Players: 3 [22, 0, 34]
[00:42:05] [Render thread/INFO]: [System] [CHAT] 󏿼󏿿󏿾 ⁤ Players: 3 [22, 0, 34]
[00:42:05] [Render thread/INFO]: [System] [CHAT] 󏿼󏿿󏿾 ⁤ Players: 3 [22, 0, 34]
[00:42:06] [VetsMod-StaffOutboundDispatch/WARN]: [VetsMod] Failed to deliver message to EenRandomG after 3 retries
[00:42:06] [ForkJoinPool.commonPool-worker-14/WARN]: Unknown leaderboard type: guildRaids
[00:42:07] [Render thread/INFO]: [CHAT/PRIVATE] &#ddcc99ff&{fr:cp}󏿼󐀆&{fr:d} &#e8c00cff&o&[1]&<1>I Love Aco Players&#ddcc99ff &{fr:cp}&{fr:d} &8&{fr:minecraft:banner/box}&[2]󏿿󏿿󏿿󏿿󏿬&f&{sc:#ffffff00}&{fr:minecraft:banner/box}&[2]󐀂&#ddcc99ff&[2] &#e8c00cff&[2]joejoetheminer:&#ddcc99ff&[2] &f&[2]🔐3 22 34 
[00:42:07] [Render thread/INFO]: [CHAT/INFO] &c&{sc:#00000000}&{fr:cp}󏿼󐀆&{fr:cp} &{fr:d}⁤&{fr:d}&0&{sc:#00000000}&c&{sc:#00000000}&0&{sc:#00000000}&c&{sc:#00000000}&0&{sc:#00000000}&c&{sc:#00000000}&0&{sc:#00000000}&c&{sc:#00000000}&0&{sc:#00000000}&c&{sc:#00000000}&0&{sc:#00000000}&c&{sc:#00000000}&0&{sc:#00000000}&c&{sc:#00000000}&r &4Players&c: &{fr:d}3 [22, 0, 34]
[00:42:07] [Render thread/INFO]: [System] [CHAT] 󏿼󐀆 ⁤ Players: 3 [22, 0, 34]
[00:42:07] [Render thread/INFO]: [System] [CHAT] 󏿼󐀆 ⁤ Players: 3 [22, 0, 34]
[00:42:07] [Render thread/INFO]: [System] [CHAT] 󏿼󐀆 ⁤ Players: 3 [22, 0, 34]
[00:42:07] [Render thread/INFO]: [System] [CHAT] 󏿼󐀆 ⁤ Players: 3 [22, 0, 34]
[00:42:07] [Render thread/INFO]: [System] [CHAT] 󏿼󐀆 ⁤ Players: 3 [22, 0, 34]
[00:42:07] [Render thread/INFO]: [CHAT/LOCAL] &f&[1]&<1>&r &#00a800ff&[2]&<2>&{fr:d}⁤&{fr:d}&f&[2]&<2>&#00a800ff&[2]&<2>&f&[2]&<2>&#00a800ff&[2]&<2>&f&[2]&<2>&#00a800ff&[2]&<2>&f&[2]&<2>⁤⁤&#00a800ff&[2]&<2>&f&[2]&<2>&#00a800ff&[2]&<2>&f&[2]&<2>&#00a800ff&[2]&<2>&f&[2]&<2>&#00a800ff&[2]&<2>&f&[2]&<2>&#00a800ff&[2]&<2>⁤&r&[2]&<3> &#a0c84bff&[2]&<3>&#54fcfcff&[2]&<3> ⁤&r&[2]&<4>&{fr:d}&[2]&<5>⁤⁤&#5fbc12ff&o&[2]&<6>I Love Aco Players: &fok done
[00:42:07] [Render thread/INFO]: [System] [CHAT]  ⁤⁤⁤⁤  ⁤⁤⁤I Love Aco Players: ok done
[00:42:07] [Render thread/INFO]: [System] [CHAT]  ⁤⁤⁤⁤  ⁤⁤⁤I Love Aco Players: ok done
[00:42:07] [Render thread/INFO]: [System] [CHAT]  ⁤⁤⁤⁤  ⁤⁤⁤I Love Aco Players: ok done
[00:42:07] [Render thread/INFO]: [System] [CHAT]  ⁤⁤⁤⁤  ⁤⁤⁤I Love Aco Players: ok done
[00:42:07] [Render thread/INFO]: [System] [CHAT]  ⁤⁤⁤⁤  ⁤⁤⁤I Love Aco Players: ok done
[00:42:07] [Render thread/INFO]: [System] [CHAT]  ⁤⁤⁤⁤  ⁤⁤⁤I Love Aco Players: ok done
[00:42:07] [Render thread/INFO]: [CHAT/LOCAL] &f&[1]&<1>&r &#00a800ff&[2]&<2>&{fr:d}⁤&{fr:d}&f&[2]&<2>&#00a800ff&[2]&<2>&f&[2]&<2>&#00a800ff&[2]&<2>&f&[2]&<2>&#00a800ff&[2]&<2>&f&[2]&<2>⁤⁤&#00a800ff&[2]&<2>&f&[2]&<2>&#00a800ff&[2]&<2>&f&[2]&<2>&#00a800ff&[2]&<2>&f&[2]&<2>&#00a800ff&[2]&<2>&f&[2]&<2>&#00a800ff&[2]&<2>⁤&r&[2]&<3> &#a0c84bff&[2]&<3>&#54fcfcff&[2]&<3> ⁤⁤⁤&f&[2]&<3>⁤⁤&{fr:d}&[2]&<4>&{fr:d}&[2]&<5>⁤⁤&#d4448cff&[2]&<5>Wenweia: &fperfect
[00:42:07] [Render thread/INFO]: [System] [CHAT]  ⁤⁤⁤⁤  ⁤⁤⁤⁤⁤⁤⁤Wenweia: perfect
[00:42:07] [Render thread/INFO]: [System] [CHAT]  ⁤⁤⁤⁤  ⁤⁤⁤⁤⁤⁤⁤Wenweia: perfect
[00:42:07] [Render thread/INFO]: [System] [CHAT]  ⁤⁤⁤⁤  ⁤⁤⁤⁤⁤⁤⁤Wenweia: perfect
[00:42:07] [Render thread/INFO]: [System] [CHAT]  ⁤⁤⁤⁤  ⁤⁤⁤⁤⁤⁤⁤Wenweia: perfect
[00:42:07] [Render thread/INFO]: [System] [CHAT]  ⁤⁤⁤⁤  ⁤⁤⁤⁤⁤⁤⁤Wenweia: perfect
[00:42:07] [Render thread/INFO]: [System] [CHAT]  ⁤⁤⁤⁤  ⁤⁤⁤⁤⁤⁤⁤Wenweia: perfect
[00:42:10] [Render thread/INFO]: [CHAT/PRIVATE] &#ddcc99ff&{fr:cp}󏿼󏿿󏿾&{fr:d} &#e8c00cff&o&[1]&<1>I Love Aco Players&#ddcc99ff &{fr:cp}&{fr:d} &8&{fr:minecraft:banner/box}&[2]󏿿󏿿󏿿󏿿󏿬&f&{sc:#ffffff00}&{fr:minecraft:banner/box}&[2]󐀂&#ddcc99ff&[2] &#e8c00cff&[2]joejoetheminer:&#ddcc99ff&[2] &f&[2]🔐3 22 34 
[00:42:10] [Render thread/INFO]: [CHAT/INFO] &c&{sc:#00000000}&{fr:cp}󏿼󐀆&{fr:cp} &{fr:d}⁤&{fr:d}&0&{sc:#00000000}&c&{sc:#00000000}&0&{sc:#00000000}&c&{sc:#00000000}&0&{sc:#00000000}&c&{sc:#00000000}&0&{sc:#00000000}&c&{sc:#00000000}&0&{sc:#00000000}&c&{sc:#00000000}&0&{sc:#00000000}&c&{sc:#00000000}&0&{sc:#00000000}&c&{sc:#00000000}&r &4Players&c: &{fr:d}3 [22, 0, 34]
[00:42:10] [Render thread/INFO]: [System] [CHAT] 󏿼󐀆 ⁤ Players: 3 [22, 0, 34]
[00:42:10] [Render thread/INFO]: [System] [CHAT] 󏿼󐀆 ⁤ Players: 3 [22, 0, 34]
[00:42:10] [Render thread/INFO]: [System] [CHAT] 󏿼󐀆 ⁤ Players: 3 [22, 0, 34]
[00:42:10] [Render thread/INFO]: [System] [CHAT] 󏿼󐀆 ⁤ Players: 3 [22, 0, 34]
[00:42:10] [Render thread/INFO]: [System] [CHAT] 󏿼󐀆 ⁤ Players: 3 [22, 0, 34]
[00:42:12] [Render thread/INFO]: [CHAT/PETS] &6&{fr:cp}󏿼󏿿󏿾&{fr:d} &o&{fr:d}&<1>Emergency Snack&r&6: &#ffdd99ff&omunching sounds
[00:42:12] [Render thread/INFO]: [System] [CHAT] 󏿼󏿿󏿾 Chocolate Wybel: munching sounds
[00:42:12] [Render thread/INFO]: [System] [CHAT] 󏿼󏿿󏿾 Chocolate Wybel: munching sounds
[00:42:12] [Render thread/INFO]: [System] [CHAT] 󏿼󏿿󏿾 Chocolate Wybel: munching sounds
[00:42:12] [Render thread/INFO]: [System] [CHAT] 󏿼󏿿󏿾 Chocolate Wybel: munching sounds
[00:42:12] [Render thread/INFO]: [System] [CHAT] 󏿼󏿿󏿾 Chocolate Wybel: munching sounds
[00:42:12] [Render thread/INFO]: [CHAT/PRIVATE] &#ddcc99ff&{fr:cp}󏿼󏿿󏿾&{fr:d} &#e8c00cff&o&[1]&<1>I Love Aco Players&#ddcc99ff &{fr:cp}&{fr:d} &8&{fr:minecraft:banner/box}&[2]󏿿󏿿󏿿󏿿󏿬&f&{sc:#ffffff00}&{fr:minecraft:banner/box}&[2]󐀂&#ddcc99ff&[2] &#e8c00cff&[2]joejoetheminer:&#ddcc99ff&[2] &f&[2]🔐3 22 34 
[00:42:12] [Render thread/INFO]: [CHAT/INFO] &c&{sc:#00000000}&{fr:cp}󏿼󐀆&{fr:cp} &{fr:d}⁤&{fr:d}&0&{sc:#00000000}&c&{sc:#00000000}&0&{sc:#00000000}&c&{sc:#00000000}&0&{sc:#00000000}&c&{sc:#00000000}&0&{sc:#00000000}&c&{sc:#00000000}&0&{sc:#00000000}&c&{sc:#00000000}&0&{sc:#00000000}&c&{sc:#00000000}&0&{sc:#00000000}&c&{sc:#00000000}&r &4Players&c: &{fr:d}3 [22, 0, 34]
[00:42:12] [Render thread/INFO]: [System] [CHAT] 󏿼󐀆 ⁤ Players: 3 [22, 0, 34]
[00:42:12] [Render thread/INFO]: [System] [CHAT] 󏿼󐀆 ⁤ Players: 3 [22, 0, 34]
[00:42:12] [Render thread/INFO]: [System] [CHAT] 󏿼󐀆 ⁤ Players: 3 [22, 0, 34]
[00:42:12] [Render thread/INFO]: [System] [CHAT] 󏿼󐀆 ⁤ Players: 3 [22, 0, 34]
[00:42:12] [Render thread/INFO]: [System] [CHAT] 󏿼󐀆 ⁤ Players: 3 [22, 0, 34]
[00:42:14] [VetsMod-StaffOutboundDispatch/WARN]: [VetsMod] Failed to deliver message to joejoetheminer after 3 retries
[00:42:14] [Render thread/INFO]: [CHAT/INFO] &6&{sc:#00000000}&{fr:cp}󏿼󏿿󏿾&{fr:d} &{fr:d}⁤&{fr:d}&8&{sc:#00000000}&6&{sc:#00000000}&8&{sc:#00000000}&6&{sc:#00000000}&8&{sc:#00000000}&6&{sc:#00000000}&8&{sc:#00000000}&6&{sc:#00000000}&8&{sc:#00000000}&6&{sc:#00000000}&8&{sc:#00000000}&6&{sc:#00000000}&8&{sc:#00000000}&6&{sc:#00000000}&{fr:d} &eNobody saw your message, the vets api is&r
&6&{sc:#00000000}&{fr:cp}󏿼󐀆&{fr:cp} &eprobably restarting
[00:42:14] [Render thread/INFO]: [System] [CHAT] 󏿼󏿿󏿾 ⁤ Nobody saw your message, the vets api is\n󏿼󐀆 probably restarting
[00:42:14] [Render thread/INFO]: [System] [CHAT] 󏿼󏿿󏿾 ⁤ Nobody saw your message, the vets api is\n󏿼󐀆 probably restarting
[00:42:14] [Render thread/INFO]: [System] [CHAT] 󏿼󏿿󏿾 ⁤ Nobody saw your message, the vets api is\n󏿼󐀆 probably restarting
[00:42:14] [Render thread/INFO]: [System] [CHAT] 󏿼󏿿󏿾 ⁤ Nobody saw your message, the vets api is\n󏿼󐀆 probably restarting
[00:42:14] [Render thread/INFO]: [System] [CHAT] 󏿼󏿿󏿾 ⁤ Nobody saw your message, the vets api is\n󏿼󐀆 probably restarting
[00:42:20] [Render thread/INFO]: [CHAT/LOCAL] &f&[1]&<1>&r &#00a800ff&[2]&<2>&{fr:d}⁤&{fr:d}&f&[2]&<2>&#00a800ff&[2]&<2>&f&[2]&<2>&#00a800ff&[2]&<2>&f&[2]&<2>&#00a800ff&[2]&<2>&f&[2]&<2>⁤⁤&#00a800ff&[2]&<2>&f&[2]&<2>&#00a800ff&[2]&<2>&f&[2]&<2>&#00a800ff&[2]&<2>&f&[2]&<2>&#00a800ff&[2]&<2>&f&[2]&<2>&#00a800ff&[2]&<2>⁤&r&[2]&<3> &#a0c84bff&[2]&<3>&#54fcfcff&[2]&<3> ⁤⁤⁤&f&[2]&<3>⁤⁤&{fr:d}&[2]&<4>&{fr:d}&[2]&<5>⁤⁤&#d4448cff&[2]&<5>Wenweia: &fnow please send me your log <3
[00:42:20] [Render thread/INFO]: [System] [CHAT]  ⁤⁤⁤⁤  ⁤⁤⁤⁤⁤⁤⁤Wenweia: now please send me your log <3
[00:42:20] [Render thread/INFO]: [System] [CHAT]  ⁤⁤⁤⁤  ⁤⁤⁤⁤⁤⁤⁤Wenweia: now please send me your log <3
[00:42:20] [Render thread/INFO]: [System] [CHAT]  ⁤⁤⁤⁤  ⁤⁤⁤⁤⁤⁤⁤Wenweia: now please send me your log <3
[00:42:20] [Render thread/INFO]: [System] [CHAT]  ⁤⁤⁤⁤  ⁤⁤⁤⁤⁤⁤⁤Wenweia: now please send me your log <3
[00:42:20] [Render thread/INFO]: [System] [CHAT]  ⁤⁤⁤⁤  ⁤⁤⁤⁤⁤⁤⁤Wenweia: now please send me your log <3
[00:42:20] [Render thread/INFO]: [System] [CHAT]  ⁤⁤⁤⁤  ⁤⁤⁤⁤⁤⁤⁤Wenweia: now please send me your log <3
[00:42:22] [Render thread/INFO]: [CHAT/PRIVATE] &#ddcc99ff&{fr:cp}󏿼󏿿󏿾&{fr:d} &#e8c00cff&o&[1]&<1>I Love Aco Players&#ddcc99ff &{fr:cp}&{fr:d} &8&{fr:minecraft:banner/box}&[2]󏿿󏿿󏿿󏿿󏿬&f&{sc:#ffffff00}&{fr:minecraft:banner/box}&[2]󐀂&#ddcc99ff&[2] &#e8c00cff&[2]joejoetheminer:&#ddcc99ff&[2] &f&[2]lmao yea 
[00:42:22] [Render thread/INFO]: [System] [CHAT] 󏿼󏿿󏿾 I Love Aco Players  󏿿󏿿󏿿󏿿󏿬󐀂 joejoetheminer: lmao yea 
[00:42:22] [Render thread/INFO]: [System] [CHAT] 󏿼󏿿󏿾 I Love Aco Players  󏿿󏿿󏿿󏿿󏿬󐀂 joejoetheminer: lmao yea 
[00:42:22] [Render thread/INFO]: [System] [CHAT] 󏿼󏿿󏿾 I Love Aco Players  󏿿󏿿󏿿󏿿󏿬󐀂 joejoetheminer: lmao yea 
[00:42:22] [Render thread/INFO]: [System] [CHAT] 󏿼󏿿󏿾 I Love Aco Players  󏿿󏿿󏿿󏿿󏿬󐀂 joejoetheminer: lmao yea 
[00:42:22] [Render thread/INFO]: [System] [CHAT] 󏿼󏿿󏿾 I Love Aco Players  󏿿󏿿󏿿󏿿󏿬󐀂 joejoetheminer: lmao yea 
[00:42:22] [Render thread/INFO]: [System] [CHAT] 󏿼󏿿󏿾 I Love Aco Players  󏿿󏿿󏿿󏿿󏿬󐀂 joejoetheminer: lmao yea 
[00:42:25] [Render thread/INFO]: [CHAT/PRIVATE] &#ddcc99ff&{fr:cp}󏿼󐀆&{fr:d} &#e8c00cff&o&[1]&<1>I Love Aco Players&#ddcc99ff &{fr:cp}&{fr:d} &8&{fr:minecraft:banner/box}&[2]󏿿󏿿󏿿󏿿󏿬&f&{sc:#ffffff00}&{fr:minecraft:banner/box}&[2]󐀂&#ddcc99ff&[2] &#e8c00cff&[2]joejoetheminer:&#ddcc99ff&[2] &f&[2]WC 
[00:42:25] [Render thread/INFO]: [System] [CHAT] 󏿼󐀆 I Love Aco Players  󏿿󏿿󏿿󏿿󏿬󐀂 joejoetheminer: WC 
[00:42:25] [Render thread/INFO]: [System] [CHAT] 󏿼󐀆 I Love Aco Players  󏿿󏿿󏿿󏿿󏿬󐀂 joejoetheminer: WC 
[00:42:25] [Render thread/INFO]: [System] [CHAT] 󏿼󐀆 I Love Aco Players  󏿿󏿿󏿿󏿿󏿬󐀂 joejoetheminer: WC 
[00:42:25] [Render thread/INFO]: [System] [CHAT] 󏿼󐀆 I Love Aco Players  󏿿󏿿󏿿󏿿󏿬󐀂 joejoetheminer: WC 
[00:42:25] [Render thread/INFO]: [System] [CHAT] 󏿼󐀆 I Love Aco Players  󏿿󏿿󏿿󏿿󏿬󐀂 joejoetheminer: WC 
[00:42:25] [Render thread/INFO]: [System] [CHAT] 󏿼󐀆 I Love Aco Players  󏿿󏿿󏿿󏿿󏿬󐀂 joejoetheminer: WC 
[00:42:27] [Render thread/INFO]: [CHAT/PETS] &6&{fr:cp}󏿼󏿿󏿾&{fr:d} &o&{fr:d}&<1>Minty&r&6: &#ffdd99ff&ocute squeak
[00:42:27] [Render thread/INFO]: [System] [CHAT] 󏿼󏿿󏿾 Mint Wybel: cute squeak
[00:42:27] [Render thread/INFO]: [System] [CHAT] 󏿼󏿿󏿾 Mint Wybel: cute squeak
[00:42:27] [Render thread/INFO]: [System] [CHAT] 󏿼󏿿󏿾 Mint Wybel: cute squeak
[00:42:27] [Render thread/INFO]: [System] [CHAT] 󏿼󏿿󏿾 Mint Wybel: cute squeak
[00:42:27] [Render thread/INFO]: [System] [CHAT] 󏿼󏿿󏿾 Mint Wybel: cute squeak
[00:42:31] [Render thread/INFO]: [CHAT/PRIVATE] &#ddcc99ff&{fr:cp}󏿼󏿿󏿾&{fr:d} &#e8c00cff&o&[1]&<1>I Love Aco Players&#ddcc99ff &{fr:cp}&{fr:d} &8&{fr:minecraft:banner/box}&[2]󏿿󏿿󏿿󏿿󏿿󏿨&f&{sc:#ffffff00}&{fr:minecraft:banner/box}&[2]󐀂&#ddcc99ff&[2] &#d4448cff&[2]FluffyFlora:&#ddcc99ff&[2] &f&[2]lmao yea 
[00:42:31] [Render thread/INFO]: [System] [CHAT] 󏿼󏿿󏿾 I Love Aco Players  󏿿󏿿󏿿󏿿󏿿󏿨󐀂 FluffyFlora: lmao yea 
[00:42:31] [Render thread/INFO]: [System] [CHAT] 󏿼󏿿󏿾 I Love Aco Players  󏿿󏿿󏿿󏿿󏿿󏿨󐀂 FluffyFlora: lmao yea 
[00:42:31] [Render thread/INFO]: [System] [CHAT] 󏿼󏿿󏿾 I Love Aco Players  󏿿󏿿󏿿󏿿󏿿󏿨󐀂 FluffyFlora: lmao yea 
[00:42:31] [Render thread/INFO]: [System] [CHAT] 󏿼󏿿󏿾 I Love Aco Players  󏿿󏿿󏿿󏿿󏿿󏿨󐀂 FluffyFlora: lmao yea 
[00:42:31] [Render thread/INFO]: [System] [CHAT] 󏿼󏿿󏿾 I Love Aco Players  󏿿󏿿󏿿󏿿󏿿󏿨󐀂 FluffyFlora: lmao yea 
[00:42:31] [Render thread/INFO]: [System] [CHAT] 󏿼󏿿󏿾 I Love Aco Players  󏿿󏿿󏿿󏿿󏿿󏿨󐀂 FluffyFlora: lmao yea 
[00:42:37] [Render thread/INFO]: [CHAT/LOCAL] &f&[1]&<1>&r &#00a800ff&[2]&<2>&{fr:d}⁤&{fr:d}&f&[2]&<2>&#00a800ff&[2]&<2>&f&[2]&<2>&#00a800ff&[2]&<2>&f&[2]&<2>&#00a800ff&[2]&<2>&f&[2]&<2>⁤⁤&#00a800ff&[2]&<2>&f&[2]&<2>&#00a800ff&[2]&<2>&f&[2]&<2>&#00a800ff&[2]&<2>&f&[2]&<2>&#00a800ff&[2]&<2>&f&[2]&<2>&#00a800ff&[2]&<2>⁤&r&[2]&<3> &#a0c84bff&[2]&<3>&#54fcfcff&[2]&<3> ⁤&r&[2]&<4>&{fr:d}&[2]&<5>⁤⁤&#5fbc12ff&o&[2]&<6>I Love Aco Players: &fuhh which log file is it?
[00:42:37] [Render thread/INFO]: [System] [CHAT]  ⁤⁤⁤⁤  ⁤⁤⁤I Love Aco Players: uhh which log file is it?
[00:42:37] [Render thread/INFO]: [System] [CHAT]  ⁤⁤⁤⁤  ⁤⁤⁤I Love Aco Players: uhh which log file is it?
[00:42:37] [Render thread/INFO]: [System] [CHAT]  ⁤⁤⁤⁤  ⁤⁤⁤I Love Aco Players: uhh which log file is it?
[00:42:37] [Render thread/INFO]: [System] [CHAT]  ⁤⁤⁤⁤  ⁤⁤⁤I Love Aco Players: uhh which log file is it?
[00:42:37] [Render thread/INFO]: [System] [CHAT]  ⁤⁤⁤⁤  ⁤⁤⁤I Love Aco Players: uhh which log file is it?
[00:42:37] [Render thread/INFO]: [System] [CHAT]  ⁤⁤⁤⁤  ⁤⁤⁤I Love Aco Players: uhh which log file is it?
[00:42:40] [Render thread/INFO]: [CHAT/PRIVATE] &#ddcc99ff&{fr:cp}󏿼󏿿󏿾&{fr:d} &8&{fr:minecraft:banner/box}&[1]󏿿󏿿󏿿󏿿󏿬&f&{sc:#ffffff00}&{fr:minecraft:banner/box}&[1]󐀂&#ddcc99ff&[1] &#e8c00cff&[1]joejoetheminer&#ddcc99ff&[1] &{fr:cp}&r&#ddcc99ff &#e8c00cff&o&[2]&<1>I Love Aco Players&r&#e8c00cff&[2]:&#ddcc99ff &fno need to&{fr:d}
&#ddcc99ff&{fr:cp}󏿼󐀆&{fr:d} &fsay wc at this point :sob 
[00:42:40] [Render thread/INFO]: [System] [CHAT] 󏿼󏿿󏿾 󏿿󏿿󏿿󏿿󏿬󐀂 joejoetheminer  I Love Aco Players: no need to\n󏿼󐀆 say wc at this point :sob 
[00:42:40] [Render thread/INFO]: [System] [CHAT] 󏿼󏿿󏿾 󏿿󏿿󏿿󏿿󏿬󐀂 joejoetheminer  I Love Aco Players: no need to\n󏿼󐀆 say wc at this point :sob 
[00:42:40] [Render thread/INFO]: [System] [CHAT] 󏿼󏿿󏿾 󏿿󏿿󏿿󏿿󏿬󐀂 joejoetheminer  I Love Aco Players: no need to\n󏿼󐀆 say wc at this point :sob 
[00:42:40] [Render thread/INFO]: [System] [CHAT] 󏿼󏿿󏿾 󏿿󏿿󏿿󏿿󏿬󐀂 joejoetheminer  I Love Aco Players: no need to\n󏿼󐀆 say wc at this point :sob 
[00:42:40] [Render thread/INFO]: [System] [CHAT] 󏿼󏿿󏿾 󏿿󏿿󏿿󏿿󏿬󐀂 joejoetheminer  I Love Aco Players: no need to\n󏿼󐀆 say wc at this point :sob 
[00:42:40] [Render thread/INFO]: [System] [CHAT] 󏿼󏿿󏿾 󏿿󏿿󏿿󏿿󏿬󐀂 joejoetheminer  I Love Aco Players: no need to\n󏿼󐀆 say wc at this point :sob 
[00:42:47] [Render thread/INFO]: [CHAT/LOCAL] &f&[1]&<1>&r &#00a800ff&[2]&<2>&{fr:d}⁤&{fr:d}&f&[2]&<2>&#00a800ff&[2]&<2>&f&[2]&<2>&#00a800ff&[2]&<2>&f&[2]&<2>&#00a800ff&[2]&<2>&f&[2]&<2>⁤⁤&#00a800ff&[2]&<2>&f&[2]&<2>&#00a800ff&[2]&<2>&f&[2]&<2>&#00a800ff&[2]&<2>&f&[2]&<2>&#00a800ff&[2]&<2>&f&[2]&<2>&#00a800ff&[2]&<2>⁤&r&[2]&<3> &#a0c84bff&[2]&<3>&#54fcfcff&[2]&<3> ⁤&r&[2]&<4>&{fr:d}&[2]&<5>⁤⁤&#5fbc12ff&o&[2]&<6>I Love Aco Players: &flatest? vowlog?
[00:42:47] [Render thread/INFO]: [System] [CHAT]  ⁤⁤⁤⁤  ⁤⁤⁤I Love Aco Players: latest? vowlog?
[00:42:47] [Render thread/INFO]: [System] [CHAT]  ⁤⁤⁤⁤  ⁤⁤⁤I Love Aco Players: latest? vowlog?
[00:42:47] [Render thread/INFO]: [System] [CHAT]  ⁤⁤⁤⁤  ⁤⁤⁤I Love Aco Players: latest? vowlog?
[00:42:47] [Render thread/INFO]: [System] [CHAT]  ⁤⁤⁤⁤  ⁤⁤⁤I Love Aco Players: latest? vowlog?
[00:42:47] [Render thread/INFO]: [System] [CHAT]  ⁤⁤⁤⁤  ⁤⁤⁤I Love Aco Players: latest? vowlog?
[00:42:47] [Render thread/INFO]: [System] [CHAT]  ⁤⁤⁤⁤  ⁤⁤⁤I Love Aco Players: latest? vowlog?
[00:43:03] [Render thread/INFO]: [CHAT/LOCAL] &f&[1]&<1>&r &#00a800ff&[2]&<2>&{fr:d}⁤&{fr:d}&f&[2]&<2>&#00a800ff&[2]&<2>&f&[2]&<2>&#00a800ff&[2]&<2>&f&[2]&<2>&#00a800ff&[2]&<2>&f&[2]&<2>⁤⁤&#00a800ff&[2]&<2>&f&[2]&<2>&#00a800ff&[2]&<2>&f&[2]&<2>&#00a800ff&[2]&<2>&f&[2]&<2>&#00a800ff&[2]&<2>&f&[2]&<2>&#00a800ff&[2]&<2>⁤&r&[2]&<3> &#a0c84bff&[2]&<3>&#54fcfcff&[2]&<3> ⁤⁤⁤&f&[2]&<3>⁤⁤&{fr:d}&[2]&<4>&{fr:d}&[2]&<5>⁤⁤&#d4448cff&[2]&<5>Wenweia: &f&[3]latest.log
[00:43:03] [Render thread/INFO]: [System] [CHAT]  ⁤⁤⁤⁤  ⁤⁤⁤⁤⁤⁤⁤Wenweia: latest.log
[00:43:03] [Render thread/INFO]: [System] [CHAT]  ⁤⁤⁤⁤  ⁤⁤⁤⁤⁤⁤⁤Wenweia: latest.log
[00:43:03] [Render thread/INFO]: [System] [CHAT]  ⁤⁤⁤⁤  ⁤⁤⁤⁤⁤⁤⁤Wenweia: latest.log
[00:43:03] [Render thread/INFO]: [System] [CHAT]  ⁤⁤⁤⁤  ⁤⁤⁤⁤⁤⁤⁤Wenweia: latest.log
[00:43:03] [Render thread/INFO]: [System] [CHAT]  ⁤⁤⁤⁤  ⁤⁤⁤⁤⁤⁤⁤Wenweia: latest.log
[00:43:03] [Render thread/INFO]: [System] [CHAT]  ⁤⁤⁤⁤  ⁤⁤⁤⁤⁤⁤⁤Wenweia: latest.log
[00:43:06] [ForkJoinPool.commonPool-worker-14/WARN]: Unknown leaderboard type: guildRaids
